10
6
7
1
2
16
11
13
11
InfTree.node.sizeOf_spec : ∀ {α : Type u_1} [inst : SizeOf α] (children : Nat → InfTree α),
  sizeOf (InfTree.node children) = 1
